// Jest Snapshot v1, https://goo.gl/fbAQLP

exports[`Pruebas en el component debe de mostrarse correctamente 1`] = `
<div>
  <form
    onSubmit={[Function]}
  >
    <p />
    <input
      onChange={[Function]}
      type="text"
      value=""
    />
  </form>
</div>
`;
